[int_col1: INT, bigint_col2: BIGINT, real_col3: REAL, double_col4: DOUBLE, decimal_col5: DECIMAL, decimal_col6: DECIMAL, char_col7: CHARACTER, character_col8: CHARACTER, varchar_col9: CHARACTER, char_varying_col10: CHARACTER, character_varying_col11: CHARACTER, date_col15: DATE, time_col16: TIME, timestamp_col17: TIMESTAMP, timestamp_with_time_zone_col18: TIMESTAMP WITH TIME ZONE]
0, 0, 0.0, 0.0, 0.00, 0, A         , A         , A, A, A, 2025-08-21, 15:24:40, 2025-08-21T15:24:40.793, 2025-08-21 06:53:33.000000000Z